<?xml version="1.0" encoding="UTF-8"?>
<testng-results ignored="0" total="4" passed="4" failed="0" skipped="0">
  <reporter-output>
  </reporter-output>
  <suite started-at="2023-11-26T22:54:52 IST" name="Gradle suite" finished-at="2023-11-26T22:55:11 IST" duration-ms="18512">
    <groups>
      <group name="API Tests">
        <method signature="testCase_API_01.TestCase01()[pri:0, instance:qtriptest.APITests.testCase_API_01@771a660]" name="TestCase01" class="qtriptest.APITests.testCase_API_01"/>
        <method signature="testCase_API_02.TestCase02()[pri:0, instance:qtriptest.APITests.testCase_API_02@4f80542f]" name="TestCase02" class="qtriptest.APITests.testCase_API_02"/>
        <method signature="testCase_API_03.TestCase03()[pri:0, instance:qtriptest.APITests.testCase_API_03@60bd273d]" name="TestCase03" class="qtriptest.APITests.testCase_API_03"/>
        <method signature="testCase_API_04.TestCase04()[pri:0, instance:qtriptest.APITests.testCase_API_04@121314f7]" name="TestCase04" class="qtriptest.APITests.testCase_API_04"/>
      </group> <!-- API Tests -->
    </groups>
    <test started-at="2023-11-26T22:54:52 IST" name="Gradle test" finished-at="2023-11-26T22:55:11 IST" duration-ms="18512">
      <class name="qtriptest.APITests.testCase_API_01">
        <test-method signature="TestCase01()[pri:0, instance:qtriptest.APITests.testCase_API_01@771a660]" started-at="2023-11-26T22:54:52 IST" name="TestCase01" description="Verify that a new user can be registered and login using APIs of QTrip" finished-at="2023-11-26T22:55:00 IST" duration-ms="7642" status="PASS">
          <reporter-output>
          </reporter-output>
        </test-method> <!-- TestCase01 -->
      </class> <!-- qtriptest.APITests.testCase_API_01 -->
      <class name="qtriptest.APITests.testCase_API_02">
        <test-method signature="TestCase02()[pri:0, instance:qtriptest.APITests.testCase_API_02@4f80542f]" started-at="2023-11-26T22:55:00 IST" name="TestCase02" description="Verify that the search City API Returns the correct number of results" finished-at="2023-11-26T22:55:03 IST" duration-ms="2703" status="PASS">
          <reporter-output>
          </reporter-output>
        </test-method> <!-- TestCase02 -->
      </class> <!-- qtriptest.APITests.testCase_API_02 -->
      <class name="qtriptest.APITests.testCase_API_03">
        <test-method signature="TestCase03()[pri:0, instance:qtriptest.APITests.testCase_API_03@60bd273d]" started-at="2023-11-26T22:55:03 IST" name="TestCase03" description="Verify that a reservation can be made using the QTrip API" finished-at="2023-11-26T22:55:08 IST" duration-ms="5400" status="PASS">
          <reporter-output>
          </reporter-output>
        </test-method> <!-- TestCase03 -->
      </class> <!-- qtriptest.APITests.testCase_API_03 -->
      <class name="qtriptest.APITests.testCase_API_04">
        <test-method signature="TestCase04()[pri:0, instance:qtriptest.APITests.testCase_API_04@121314f7]" started-at="2023-11-26T22:55:08 IST" name="TestCase04" description="Verify that a duplicate user account cannot be created on the Qtrip Website" finished-at="2023-11-26T22:55:11 IST" duration-ms="2625" status="PASS">
          <reporter-output>
          </reporter-output>
        </test-method> <!-- TestCase04 -->
      </class> <!-- qtriptest.APITests.testCase_API_04 -->
    </test> <!-- Gradle test -->
  </suite> <!-- Gradle suite -->
</testng-results>
